Table Definitions                                                                              
-----------------                                                                              
                      Exclude                                                                  
                      From       Include In                                                    
Table Name            Comparison Comparison Defined By Types                                   
--------------------- ---------- ---------- -------------------                                
LocalTable            False      False      TableDef                                           
                                                                                               
         Is      Is                                                    Referenced                
         Primary Compare Is            Is          Is       Referenced Property   Sort      Sort 
    Name Key     Key     Unpredictable Predictable Required Table Name Name       Direction Index
    ---- ------- ------- ------------- ----------- -------- ---------- ---------- --------- -----
    Id   False   False   True          False       False                                         
                                                                                               
                      Exclude                                                                  
                      From       Include In                                                    
Table Name            Comparison Comparison Defined By Types                                   
--------------------- ---------- ---------- -------------------                                
LocalParentTable      False      False      ParentTableDef                                     
                                                                                               
         Is      Is                                                    Referenced                
         Primary Compare Is            Is          Is       Referenced Property   Sort      Sort 
    Name Key     Key     Unpredictable Predictable Required Table Name Name       Direction Index
    ---- ------- ------- ------------- ----------- -------- ---------- ---------- --------- -----
    Id   False   False   True          False       False                                         
                                                                                               
                      Exclude                                                                  
                      From       Include In                                                    
Table Name            Comparison Comparison Defined By Types                                   
--------------------- ---------- ---------- -------------------                                
LocalReferencingTable False      False      RelatedTableDef                                    
                                                                                               
              Is      Is                                                     Referenced                
              Primary Compare Is            Is          Is       Referenced  Property   Sort      Sort 
    Name      Key     Key     Unpredictable Predictable Required Table Name  Name       Direction Index
    --------- ------- ------- ------------- ----------- -------- ----------- ---------- --------- -----
    Id        False   False   True          False       False                                          
    ParentId1 False   False   False         False       False    ParentTable Id                        
                                                                                               
                      Exclude                                                                  
                      From       Include In                                                    
Table Name            Comparison Comparison Defined By Types                                   
--------------------- ---------- ---------- -------------------                                
PredictableTable      False      False      PredictableTable                                   
                                                                                               
         Is      Is                                                    Referenced                
         Primary Compare Is            Is          Is       Referenced Property   Sort      Sort 
    Name Key     Key     Unpredictable Predictable Required Table Name Name       Direction Index
    ---- ------- ------- ------------- ----------- -------- ---------- ---------- --------- -----
    Id   False   False   False         True        False                                         
                                                                                               
                      Exclude                                                                  
                      From       Include In                                                    
Table Name            Comparison Comparison Defined By Types                                   
--------------------- ---------- ---------- -------------------                                
SortedTable           False      False      SortedTable                                        
                                                                                               
         Is      Is                                                    Referenced                
         Primary Compare Is            Is          Is       Referenced Property   Sort      Sort 
    Name Key     Key     Unpredictable Predictable Required Table Name Name       Direction Index
    ---- ------- ------- ------------- ----------- -------- ---------- ---------- --------- -----
    Id   False   False   False         True        False                                         
    Name False   False   False         False       False                          Ascending      
                                                                                               
                      Exclude                                                                  
                      From       Include In                                                    
Table Name            Comparison Comparison Defined By Types                                   
--------------------- ---------- ---------- -------------------                                
DescSortedTable       False      False      DescSortedTable                                    
                                                                                               
         Is      Is                                                    Referenced                 
         Primary Compare Is            Is          Is       Referenced Property   Sort       Sort 
    Name Key     Key     Unpredictable Predictable Required Table Name Name       Direction  Index
    ---- ------- ------- ------------- ----------- -------- ---------- ---------- ---------- -----
    Id   False   False   False         True        False                                          
    Name False   False   False         False       False                          Descending      
                                                                                               
                      Exclude                                                                  
                      From       Include In                                                    
Table Name            Comparison Comparison Defined By Types                                   
--------------------- ---------- ---------- -------------------                                
CompoundSortTable     False      False      CompoundSortedTable                                
                                                                                               
             Is      Is                                                    Referenced                 
             Primary Compare Is            Is          Is       Referenced Property   Sort       Sort 
    Name     Key     Key     Unpredictable Predictable Required Table Name Name       Direction  Index
    -------- ------- ------- ------------- ----------- -------- ---------- ---------- ---------- -----
    Id       False   False   False         True        False                                          
    Name     False   False   False         False       False                          Ascending  1    
    Priority False   False   False         False       False                          Descending 0    
                                                                                               
                                                                                               