Address                                                                                        
-------                                                                                        
   AddressId   CustomerId        House Street       PostCode                                   
------------ ------------ ------------ ------------ ------------                               
         102            1           15 Line 1       code1                                      
         193            2           99 Line 2       code2                                      
        6985            3         8000 Line 3       code3                                      
                                                                                               