Table Definitions                                                                              
-----------------                                                                              
                      Exclude                                                                  
                      From       Include In Defined By                                         
Table Name            Comparison Comparison Types                                              
--------------------- ---------- ---------- ---------------                                    
LocalTable            False      False      TableDef                                           
                                                                                               
         Is      Is                                                    Referenced              
         Primary Compare Is            Is          Is       Referenced Property                
    Name Key     Key     Unpredictable Predictable Required Table Name Name                    
    ---- ------- ------- ------------- ----------- -------- ---------- ----------              
    Id   True    False   True          False       False                                       
    Name False   True    False         False       False                                       
                                                                                               
                      Exclude                                                                  
                      From       Include In Defined By                                         
Table Name            Comparison Comparison Types                                              
--------------------- ---------- ---------- ---------------                                    
LocalParentTable      False      False      ParentTableDef                                     
                                                                                               
         Is      Is                                                    Referenced              
         Primary Compare Is            Is          Is       Referenced Property                
    Name Key     Key     Unpredictable Predictable Required Table Name Name                    
    ---- ------- ------- ------------- ----------- -------- ---------- ----------              
    Id   True    False   True          False       False                                       
                                                                                               
                      Exclude                                                                  
                      From       Include In Defined By                                         
Table Name            Comparison Comparison Types                                              
--------------------- ---------- ---------- ---------------                                    
LocalReferencingTable False      False      RelatedTableDef                                    
                                                                                               
              Is      Is                                                     Referenced        
              Primary Compare Is            Is          Is       Referenced  Property          
    Name      Key     Key     Unpredictable Predictable Required Table Name  Name              
    --------- ------- ------- ------------- ----------- -------- ----------- ----------        
    Id        True    False   True          False       False                                  
    ParentId1 False   False   False         False       False    ParentTable Id                
                                                                                               
                                                                                               