Table Definitions                                                                              
-----------------                                                                              
Table Name                                                                                     
------------                                                                                   
ParentTable                                                                                    
                                                                                               
         Is      Is                                                    Referenced              
         Primary Compare Is            Is          Is       Referenced Property                
    Name Key     Key     Unpredictable Predictable Required Table Name Name                    
    ---- ------- ------- ------------- ----------- -------- ---------- ----------              
    Id   True    False   True          False       False                                       
                                                                                               
Table Name                                                                                     
------------                                                                                   
RelatedTable                                                                                   
                                                                                               
              Is      Is                                                     Referenced        
              Primary Compare Is            Is          Is       Referenced  Property          
    Name      Key     Key     Unpredictable Predictable Required Table Name  Name              
    --------- ------- ------- ------------- ----------- -------- ----------- ----------        
    Id        True    False   True          False       False                                  
    Required  False   False   False         False       True                                   
    ParentId1 False   False   False         False       False    ParentTable Id                
                                                                                               
Table Name                                                                                     
------------                                                                                   
Table                                                                                          
                                                                                               
         Is      Is                                                    Referenced              
         Primary Compare Is            Is          Is       Referenced Property                
    Name Key     Key     Unpredictable Predictable Required Table Name Name                    
    ---- ------- ------- ------------- ----------- -------- ---------- ----------              
    Id   True    False   True          False       False                                       
                                                                                               
                                                                                               