Table Definitions                                                                              
-----------------                                                                              
                      Exclude                                                                  
                      From       Include In Defined By                                         
Table Name            Comparison Comparison Types                                              
--------------------- ---------- ---------- ---------------                                    
LocalTable            False      False      TableDef                                           
                                                                                               
         Is      Is                                                    Referenced                
         Primary Compare Is            Is          Is       Referenced Property   Sort      Sort 
    Name Key     Key     Unpredictable Predictable Required Table Name Name       Direction Index
    ---- ------- ------- ------------- ----------- -------- ---------- ---------- --------- -----
    Id   True    False   True          False       False                                         
                                                                                               
                      Exclude                                                                  
                      From       Include In Defined By                                         
Table Name            Comparison Comparison Types                                              
--------------------- ---------- ---------- ---------------                                    
LocalParentTable      False      False      ParentTableDef                                     
                                                                                               
         Is      Is                                                    Referenced                
         Primary Compare Is            Is          Is       Referenced Property   Sort      Sort 
    Name Key     Key     Unpredictable Predictable Required Table Name Name       Direction Index
    ---- ------- ------- ------------- ----------- -------- ---------- ---------- --------- -----
    Id   True    False   True          False       False                                         
                                                                                               
                      Exclude                                                                  
                      From       Include In Defined By                                         
Table Name            Comparison Comparison Types                                              
--------------------- ---------- ---------- ---------------                                    
LocalReferencingTable False      False      RelatedTableDef                                    
                                                                                               
              Is      Is                                                     Referenced                
              Primary Compare Is            Is          Is       Referenced  Property   Sort      Sort 
    Name      Key     Key     Unpredictable Predictable Required Table Name  Name       Direction Index
    --------- ------- ------- ------------- ----------- -------- ----------- ---------- --------- -----
    Id        True    False   True          False       False                                          
    ParentId1 False   False   False         False       False    ParentTable Id                        
                                                                                               
                                                                                               