Start               End                 Name                                                   
------------------- ------------------- --------------                                         
20/09/2020 08:53:24 20/09/2020 08:55:21 FirstSnapshot                                          
20/09/2020 08:55:21 20/09/2020 08:55:44 SecondSnapshot                                         
20/09/2020 08:55:44 20/09/2020 09:01:53 ThirdSnapshot                                          
                                                                                               