Table GuidKeyTable                                                                             
                                                                                               
                                                                                               
Column GuidKeyId                                                                               
                                                                                               
Value                                Reference                                                 
------------------------------------ ------------------------------------                      
3e3b99d2-e581-4b00-8fb2-000000000004 3e3b99d2-e581-4b00-8fb2-000000000001                      
3e3b99d2-e581-4b00-8fb2-000000000005 3e3b99d2-e581-4b00-8fb2-000000000002                      
                                                                                               