Here we expect the report column to have the heading "Colname":                                
                                                                                               
ColName                                                                                        
-------                                                                                        
      T                                                                                        
                                                                                               