Table                                                                                          
-----                                                                                          
Difference Id                                                                                  
---------- ------------                                                                        
Reference  1                                                                                   
Reference  3                                                                                   
                                                                                               
Table2                                                                                         
------                                                                                         
Difference Id                                                                                  
---------- ------------                                                                        
Reference  4                                                                                   
Reference  5                                                                                   
                                                                                               
ReferencingTable                                                                               
----------------                                                                               
                                                  Variable     ParentId     ParentId           
Difference Id           Variable before           after        before       after              
---------- ------------ ------------------------- ------------ ------------ ------------       
Updated    1            Default variable for Id 1 edited                                       
Updated    2                                                   1            3                  
                                                                                               
ReferencingTable2                                                                              
-----------------                                                                              
                                                  Variable     ParentId     ParentId           
Difference Id           Variable before           after        before       after              
---------- ------------ ------------------------- ------------ ------------ ------------       
Updated    1            Default variable for Id 1 edited                                       
Updated    2                                                   4            5                  
                                                                                               