Table                                                                                          
Name                                                                                           
------                                                                                         
Table                                                                                          
                                                                                               
    Column Requested                                                                           
    Name   Value                                                                               
    ------ ------------                                                                        
    Id     4                                                                                   
                                                                                               
Table                                                                                          
Name                                                                                           
------                                                                                         
Table2                                                                                         
                                                                                               
    Column Requested                                                                           
    Name   Value                                                                               
    ------ ------------                                                                        
    Id     2                                                                                   
                                                                                               
                                                                                               