====> Date diagnostics begin                                                                   
Snapshot date ranges                                                                           
--------------------                                                                           
Snapshot Start               End                                                               
-------- ------------------- -------------------                                               
before   11/10/2020 10:35:00 11/10/2020 10:38:00                                               
after    11/10/2020 10:39:00 11/10/2020 10:40:00                                               
                                                                                               
Dates From Difference Set                                                                      
-------------------------                                                                      
Table                                                                                          
Name                                                                                           
-----                                                                                          
Dates                                                                                          
                                                                                               
    Key OtherDate Before    OtherDate After     Date Before                  Date After                  
    --- ------------------- ------------------- ---------------------------- ----------------------------
    0   01/01/0001 00:00:00 31/12/9999 23:59:59 Date-1 (11/10/2020 10:35:00) Date-1 (11/10/2020 10:35:00)
    1   01/01/0001 00:00:00 31/12/9999 23:59:59 Date-2 (11/10/2020 10:36:00) Date-2 (11/10/2020 10:36:00)
    2   01/01/0001 00:00:00 31/12/9999 23:59:59 Date-3 (11/10/2020 10:37:00) Date-4 (11/10/2020 10:39:00)
    3   01/01/0001 00:00:00 31/12/9999 23:59:59 Date-5 (11/10/2020 10:38:00) Date-6 (11/10/2020 10:40:00)
    4                       31/12/9999 23:59:59                              Date-7 (11/10/2020 10:41:00)
    100 01/01/0001 00:00:00                     Date-8 (18/10/2020 11:19:00)                             
                                                                                               
====> Date diagnostics end                                                                     
                                                                                               