We do not expect a request for the newly inserted row 1000                                     
Table                                                                                          
Name                                                                                           
-----                                                                                          
Table                                                                                          
                                                                                               
    Column Requested                                                                           
    Name   Value                                                                               
    ------ ------------                                                                        
    Id     4                                                                                   
                                                                                               
                                                                                               