Table Definitions                                                                              
-----------------                                                                              
      Exclude               Defined                                                            
Table From       Include In By                                                                 
Name  Comparison Comparison Types                                                              
----- ---------- ---------- -------                                                            
Data  False      False                                                                         
                                                                                               
         Is      Is                                                    Referenced              
         Primary Compare Is            Is          Is       Referenced Property                
    Name Key     Key     Unpredictable Predictable Required Table Name Name                    
    ---- ------- ------- ------------- ----------- -------- ---------- ----------              
    A    False   True    False         False       False                                       
    B    False   True    False         False       False                                       
    C    False   False   False         False       False                                       
                                                                                               
                                                                                               