Table Definitions                                                                              
-----------------                                                                              
          Exclude               Defined                                                        
Table     From       Include In By                                                             
Name      Comparison Comparison Types                                                          
--------- ---------- ---------- -------                                                        
TestTable False      False                                                                     
                                                                                               
         Is      Is                                                    Referenced                     
         Primary Compare Is            Is          Is       Referenced Property   Sort      Sort  Date
    Name Key     Key     Unpredictable Predictable Required Table Name Name       Direction Index Type
    ---- ------- ------- ------------- ----------- -------- ---------- ---------- --------- ----- ----
    RefB False   False   False         False       False    B          BKey                           
    RefD False   False   False         False       False    D          DKey                           
    RefC False   False   False         False       False    C          CKey                           
                                                                                               
                                                                                               