Table                                                                                          
-----                                                                                          
Difference Name   A       B       C                                                            
---------- ------ ------- ------- -------                                                      
Updated    Test 1 5 ==> 6         7 ==> 6                                                      
Updated    Test 3         6 ==> 7 7 ==> 6                                                      
                                                                                               