Target Target Our                                                                              
Table  Field  Field                                                                            
------ ------ ------                                                                           
Table  Id     Field1                                                                           
                                                                                               