Table                                                                                          
-----                                                                                          
Difference Name   A B C                                                                        
---------- ------ - - -                                                                        
Inserted   Test 3 5 7 6                                                                        
                                                                                               