Table Definitions                                                                              
-----------------                                                                              
Table Name                                                                                     
---------------------                                                                          
LocalTable                                                                                     
                                                                                               
         Is      Is                                        Referenced                          
         Primary Compare Is            Is       Referenced Property                            
    Name Key     Key     Unpredictable Required Table Name Name                                
    ---- ------- ------- ------------- -------- ---------- ----------                          
    Id   False   False   True          False                                                   
                                                                                               
Table Name                                                                                     
---------------------                                                                          
LocalParentTable                                                                               
                                                                                               
         Is      Is                                        Referenced                          
         Primary Compare Is            Is       Referenced Property                            
    Name Key     Key     Unpredictable Required Table Name Name                                
    ---- ------- ------- ------------- -------- ---------- ----------                          
    Id   False   False   True          False                                                   
                                                                                               
Table Name                                                                                     
---------------------                                                                          
LocalReferencingTable                                                                          
                                                                                               
              Is      Is                                         Referenced                    
              Primary Compare Is            Is       Referenced  Property                      
    Name      Key     Key     Unpredictable Required Table Name  Name                          
    --------- ------- ------- ------------- -------- ----------- ----------                    
    Id        False   False   True          False                                              
    ParentId1 False   False   False         False    ParentTable Id                            
                                                                                               
                                                                                               