Table                                                                                          
-----                                                                                          
Difference Id           Id before    Id after                                                  
---------- ------------ ------------ ------------                                              
Reference  1            Id-1         Id-1                                                      
Reference  4            Id-2         Id-2                                                      
Reference  5            Id-3         Id-3                                                      
                                                                                               
ReferencingTable                                                                               
----------------                                                                               
                                        Variable     ParentId     ParentId                Id   
Difference Id Variable before           after        before       after        Id before  after
---------- -- ------------------------- ------------ ------------ ------------ ---------- -----
Updated    1  Default variable for Id 1 edited       Id-1         Id-2         Id-1       Id-1 
Updated    2  Default variable for Id 2 edited       Id-1         Id-3         Id-2       Id-2 
                                                                                               