Extracted Unpredictable Columns                                                                
-------------------------------                                                                
Table Name                                                                                     
-----------------                                                                              
Table                                                                                          
                                                                                               
    Unpredictable                                                                              
    Column                                                                                     
    -------------                                                                              
    Id                                                                                         
                                                                                               
        Referenced By                                                                          
        -------------                                                                          
        Table            Columns                                                               
        ---------------- --------                                                              
        ReferencingTable ParentId                                                              
                                                                                               
                                                                                               
Table Name                                                                                     
-----------------                                                                              
Table2                                                                                         
                                                                                               
    Unpredictable                                                                              
    Column                                                                                     
    -------------                                                                              
    Id                                                                                         
                                                                                               
        Referenced By                                                                          
        -------------                                                                          
        Table             Columns                                                              
        ----------------- --------                                                             
        ReferencingTable2 ParentId                                                             
                                                                                               
                                                                                               
Table Name                                                                                     
-----------------                                                                              
ReferencingTable                                                                               
                                                                                               
    Unpredictable                                                                              
    Column                                                                                     
    -------------                                                                              
    Id                                                                                         
                                                                                               
        Referenced By                                                                          
        -------------                                                                          
        Table Columns                                                                          
        ----- -------                                                                          
                                                                                               
                                                                                               
Table Name                                                                                     
-----------------                                                                              
ReferencingTable2                                                                              
                                                                                               
    Unpredictable                                                                              
    Column                                                                                     
    -------------                                                                              
    Id                                                                                         
                                                                                               
        Referenced By                                                                          
        -------------                                                                          
        Table Columns                                                                          
        ----- -------                                                                          
                                                                                               
                                                                                               
Table Name                                                                                     
-----------------                                                                              
GuidKeyTable                                                                                   
                                                                                               
    Unpredictable                                                                              
    Column                                                                                     
    -------------                                                                              
    GuidKeyId                                                                                  
                                                                                               
        Referenced By                                                                          
        -------------                                                                          
        Table        Columns                                                                   
        ------------ ---------------------------------                                         
        GuidRefTable GuidKeyParentId, GuidKeyParentId2                                         
                                                                                               
                                                                                               
Table Name                                                                                     
-----------------                                                                              
GuidRefTable                                                                                   
                                                                                               
    Unpredictable                                                                              
    Column                                                                                     
    -------------                                                                              
    GuidKeyId                                                                                  
                                                                                               
        Referenced By                                                                          
        -------------                                                                          
        Table Columns                                                                          
        ----- -------                                                                          
                                                                                               
                                                                                               
Table Name                                                                                     
-----------------                                                                              
Unpredictables                                                                                 
                                                                                               
    Unpredictable                                                                              
    Column                                                                                     
    -------------                                                                              
    GuidKeyId                                                                                  
                                                                                               
        Referenced By                                                                          
        -------------                                                                          
        Table Columns                                                                          
        ----- -------                                                                          
                                                                                               
    Unpredictable                                                                              
    Column                                                                                     
    -------------                                                                              
    Int                                                                                        
                                                                                               
        Referenced By                                                                          
        -------------                                                                          
        Table Columns                                                                          
        ----- -------                                                                          
                                                                                               
    Unpredictable                                                                              
    Column                                                                                     
    -------------                                                                              
    NullableInt                                                                                
                                                                                               
        Referenced By                                                                          
        -------------                                                                          
        Table Columns                                                                          
        ----- -------                                                                          
                                                                                               
    Unpredictable                                                                              
    Column                                                                                     
    -------------                                                                              
    TimeStamp                                                                                  
                                                                                               
        Referenced By                                                                          
        -------------                                                                          
        Table Columns                                                                          
        ----- -------                                                                          
                                                                                               
                                                                                               
                                                                                               