Table Definitions                                                                              
-----------------                                                                              
                 Exclude                                                                       
                 From       Include In                                                         
Table Name       Comparison Comparison Defined By Types                                        
---------------- ---------- ---------- ------------------                                      
LocalTable       False      False      A_TableDef                                              
                                                                                               
         Is      Is                                                    Referenced                
         Primary Compare Is            Is          Is       Referenced Property   Sort      Sort 
    Name Key     Key     Unpredictable Predictable Required Table Name Name       Direction Index
    ---- ------- ------- ------------- ----------- -------- ---------- ---------- --------- -----
    Id   False   False   True          False       False                                         
                                                                                               
                 Exclude                                                                       
                 From       Include In                                                         
Table Name       Comparison Comparison Defined By Types                                        
---------------- ---------- ---------- ------------------                                      
PredictableTable False      False      A_PredictableTable                                      
                                                                                               
         Is      Is                                                    Referenced                
         Primary Compare Is            Is          Is       Referenced Property   Sort      Sort 
    Name Key     Key     Unpredictable Predictable Required Table Name Name       Direction Index
    ---- ------- ------- ------------- ----------- -------- ---------- ---------- --------- -----
    Id   False   False   False         True        False                                         
                                                                                               
                                                                                               