Substitutions:                                                                                 
                                                                                               
Value                                Substitute                                                
------------------------------------ ----------                                                
Value 1                              TestCol-1                                                 
2                                    TestCol-2                                                 
12/07/2020 10:38:00                  TestCol-3                                                 
Value 1                              TestCol-1                                                 
2                                    TestCol-2                                                 
12/07/2020 10:38:00                  TestCol-3                                                 
Value 2                              TestCol-4                                                 
3                                    TestCol-5                                                 
12/07/2020 10:39:00                  TestCol-6                                                 
Value 2                              TestCol-4                                                 
3                                    TestCol-5                                                 
12/07/2020 10:39:00                  TestCol-6                                                 
f1684874-ff8c-4d0d-a767-e1ec90f36f8d TestCol-7                                                 
                                                                                               
                                                                                               
                                                                                               
Unique Substitution Values:                                                                    
                                                                                               
Unique                                                                                         
Value                                                                                          
---------                                                                                      
TestCol-1                                                                                      
TestCol-2                                                                                      
TestCol-3                                                                                      
TestCol-4                                                                                      
TestCol-5                                                                                      
TestCol-6                                                                                      
TestCol-7                                                                                      
                                                                                               
                                                                                               