Ranges:                                                                                        
                                                                                               
Start               End                 Name                                                   
------------------- ------------------- ------                                                 
12/07/2020 10:37:00 12/07/2020 10:38:00 First                                                  
12/07/2020 10:38:00 12/07/2020 10:39:00 Second                                                 
12/07/2020 10:39:00 12/07/2020 10:55:00 Third                                                  
                                                                                               
Substitutions:                                                                                 
                                                                                               
Value               Substitute                                                                 
------------------- --------------                                                             
12/05/2020 11:10:00 TestCol-1                                                                  
12/05/2020 11:11:00 TestCol-2                                                                  
12/05/2020 11:12:00 TestCol-3                                                                  
12/07/2020 10:38:00 TestCol@First                                                              
12/07/2020 10:38:00 TestCol@First                                                              
12/07/2020 10:39:00 TestCol@Second                                                             
12/07/2020 10:39:00 TestCol@Second                                                             
12/07/2020 10:38:01 TestCol@Second                                                             
12/07/2020 10:38:02 TestCol@Second                                                             
12/07/2020 10:39:03 TestCol@Third                                                              
12/07/2020 10:39:04 TestCol@Third                                                              
<NULL>              <NULL>                                                                     
55                  TestCol-4                                                                  
                                                                                               